using System;
using System.Collections.Generic;

namespace E2ETest.Namespace
{
    public partial class MultipleFksDependent
    {
        public int MultipleFksDependentId { get; set; }
        public string AnotherColumn { get; set; }
        public int RelationAid { get; set; }
        public int? RelationBid { get; set; }
        public int? RelationCid { get; set; }

        public virtual MultipleFksPrincipal RelationA { get; set; }
        public virtual MultipleFksPrincipal RelationB { get; set; }
        public virtual MultipleFksPrincipal RelationC { get; set; }
    }
}
