using System;
using System.Collections.Generic;

namespace E2ETest.Namespace
{
    public partial class OneToOneFktoUniqueKeyDependent
    {
        public int OneToOneFktoUniqueKeyDependentId1 { get; set; }
        public int OneToOneFktoUniqueKeyDependentId2 { get; set; }
        public string SomeColumn { get; set; }
        public int? OneToOneFktoUniqueKeyDependentFk1 { get; set; }
        public int? OneToOneFktoUniqueKeyDependentFk2 { get; set; }

        public virtual OneToOneFktoUniqueKeyPrincipal OneToOneFktoUniqueKeyDependentFk { get; set; }
    }
}
