using System;
using System.Collections.Generic;

namespace E2ETest.Namespace
{
    public partial class OneToManyDependent
    {
        public int OneToManyDependentId1 { get; set; }
        public int OneToManyDependentId2 { get; set; }
        public string SomeDependentEndColumn { get; set; }
        public int? OneToManyDependentFk2 { get; set; }
        public int? OneToManyDependentFk1 { get; set; }

        public virtual OneToManyPrincipal OneToManyDependentFk { get; set; }
    }
}
