using System;
using System.Collections.Generic;

namespace E2ETest.Namespace
{
    public partial class OneToOnePrincipal
    {
        public int OneToOnePrincipalId1 { get; set; }
        public int OneToOnePrincipalId2 { get; set; }
        public string SomeOneToOnePrincipalColumn { get; set; }

        public virtual OneToOneDependent OneToOneDependent { get; set; }
    }
}
