using System;
using System.Collections.Generic;

namespace E2ETest.Namespace
{
    public partial class OneToOneSeparateFkdependent
    {
        public int OneToOneSeparateFkdependentId1 { get; set; }
        public int OneToOneSeparateFkdependentId2 { get; set; }
        public string SomeDependentEndColumn { get; set; }
        public int? OneToOneSeparateFkdependentFk1 { get; set; }
        public int? OneToOneSeparateFkdependentFk2 { get; set; }

        public virtual OneToOneSeparateFkprincipal OneToOneSeparateFkdependentFk { get; set; }
    }
}
