using System;
using System.Collections.Generic;

namespace E2ETest.Namespace
{
    public partial class ReferredToByTableWithUnmappablePrimaryKeyColumn
    {
        public int ReferredToByTableWithUnmappablePrimaryKeyColumnId { get; set; }
        public string Acolumn { get; set; }
        public int ValueGeneratedOnAddColumn { get; set; }
    }
}
