using System;
using System.Collections.Generic;

namespace E2ETest.Namespace
{
    public partial class SelfReferencing
    {
        public int SelfReferencingId { get; set; }
        public string Name { get; set; }
        public string Description { get; set; }
        public int? SelfReferenceFk { get; set; }

        public virtual SelfReferencing SelfReferenceFkNavigation { get; set; }
        public virtual ICollection<SelfReferencing> InverseSelfReferenceFkNavigation { get; set; }
    }
}
