using System;
using System.Collections.Generic;

namespace E2ETest.Namespace
{
    public partial class TestSpacesKeywordsTable
    {
        public int TestSpacesKeywordsTableId { get; set; }
        public int Abstract { get; set; }
        public int? Class { get; set; }
        public int Volatile { get; set; }
        public int? SpacesInColumn { get; set; }
        public int TabsInColumn { get; set; }
        public int? AtSymbolAtStartOfColumn { get; set; }
        public int MultipleAtSymbolsInColumn { get; set; }
        public int? CommasInColumn { get; set; }
        public int DollarSignColumn { get; set; }
        public int? ExclamationMarkColumn { get; set; }
        public int? DoubleQuotesColumn { get; set; }
        public int? BackslashesInColumn { get; set; }
    }
}
