using System;
using System.Collections.Generic;
using System.ComponentModel.DataAnnotations;
using System.ComponentModel.DataAnnotations.Schema;

namespace E2ETest.Namespace
{
    public partial class AllDataTypes
    {
        public int AllDataTypesID { get; set; }
        public long bigintColumn { get; set; }
        [MaxLength(1)]
        public byte[] binaryColumn { get; set; }
        public bool bitColumn { get; set; }
        [MaxLength(1)]
        public string charColumn { get; set; }
        public DateTime dateColumn { get; set; }
        public DateTime? datetime24Column { get; set; }
        public DateTime? datetime2Column { get; set; }
        public DateTime? datetimeColumn { get; set; }
        public DateTimeOffset? datetimeoffset5Column { get; set; }
        public DateTimeOffset? datetimeoffsetColumn { get; set; }
        public decimal decimalColumn { get; set; }
        public double floatColumn { get; set; }
        public byte[] imageColumn { get; set; }
        public int intColumn { get; set; }
        public decimal moneyColumn { get; set; }
        [MaxLength(1)]
        public string ncharColumn { get; set; }
        public string ntextColumn { get; set; }
        public decimal numericColumn { get; set; }
        [MaxLength(1)]
        public string nvarcharColumn { get; set; }
        public float? realColumn { get; set; }
        public DateTime? smalldatetimeColumn { get; set; }
        public short smallintColumn { get; set; }
        public decimal smallmoneyColumn { get; set; }
        public string textColumn { get; set; }
        public TimeSpan? time4Column { get; set; }
        public TimeSpan? timeColumn { get; set; }
        public byte[] timestampColumn { get; set; }
        public byte tinyintColumn { get; set; }
        public Guid? uniqueidentifierColumn { get; set; }
        [MaxLength(1)]
        public byte[] varbinaryColumn { get; set; }
        [MaxLength(1)]
        public string varcharColumn { get; set; }
    }
}
