using Microsoft.Data.Entity;
using Microsoft.Data.Entity.Metadata;

namespace E2ETest.Namespace
{
    public partial class AttributesContext : DbContext
    {
        protected override void OnConfiguring(DbContextOptionsBuilder options)
        {
            options.UseSqlServer(@"{{connectionString}}");
        }

        protected override void OnModelCreating(ModelBuilder modelBuilder)
        {
            modelBuilder.Entity<AllDataTypes>(entity =>
            {
                entity.Property(e => e.binaryColumn).HasColumnType("binary");

                entity.Property(e => e.charColumn).HasColumnType("char");

                entity.Property(e => e.dateColumn).HasColumnType("date");

                entity.Property(e => e.datetime24Column).HasColumnType("datetime2(4)");

                entity.Property(e => e.datetimeColumn).HasColumnType("datetime");

                entity.Property(e => e.datetimeoffset5Column).HasColumnType("datetimeoffset(5)");

                entity.Property(e => e.decimalColumn).HasColumnType("decimal");

                entity.Property(e => e.imageColumn).HasColumnType("image");

                entity.Property(e => e.moneyColumn).HasColumnType("money");

                entity.Property(e => e.ncharColumn).HasColumnType("nchar");

                entity.Property(e => e.ntextColumn).HasColumnType("ntext");

                entity.Property(e => e.numericColumn).HasColumnType("numeric");

                entity.Property(e => e.smalldatetimeColumn).HasColumnType("smalldatetime");

                entity.Property(e => e.smallmoneyColumn).HasColumnType("smallmoney");

                entity.Property(e => e.textColumn).HasColumnType("text");

                entity.Property(e => e.time4Column).HasColumnType("time(4)");

                entity.Property(e => e.timestampColumn)
                    .HasColumnType("timestamp")
                    .ValueGeneratedOnAddOrUpdate();

                entity.Property(e => e.varbinaryColumn).HasColumnType("varbinary");

                entity.Property(e => e.varcharColumn).HasColumnType("varchar");
            });

            modelBuilder.Entity<OneToManyDependent>(entity =>
            {
                entity.HasKey(e => new { e.OneToManyDependentID1, e.OneToManyDependentID2 });
            });

            modelBuilder.Entity<OneToManyPrincipal>(entity =>
            {
                entity.HasKey(e => new { e.OneToManyPrincipalID1, e.OneToManyPrincipalID2 });
            });

            modelBuilder.Entity<OneToOneDependent>(entity =>
            {
                entity.HasKey(e => new { e.OneToOneDependentID1, e.OneToOneDependentID2 });
            });

            modelBuilder.Entity<OneToOneFKToUniqueKeyDependent>(entity =>
            {
                entity.HasKey(e => new { e.OneToOneFKToUniqueKeyDependentID1, e.OneToOneFKToUniqueKeyDependentID2 });

                entity.HasIndex(e => new { e.OneToOneFKToUniqueKeyDependentFK1, e.OneToOneFKToUniqueKeyDependentFK2 }).HasName("UK_OneToOneFKToUniqueKeyDependent").IsUnique();

                entity.HasOne(d => d.OneToOneFKToUniqueKeyDependentFK)
                    .WithOne(p => p.OneToOneFKToUniqueKeyDependent)
                    .HasPrincipalKey<OneToOneFKToUniqueKeyPrincipal>(p => new { p.OneToOneFKToUniqueKeyPrincipalUniqueKey1, p.OneToOneFKToUniqueKeyPrincipalUniqueKey2 })
                    .HasForeignKey<OneToOneFKToUniqueKeyDependent>(d => new { d.OneToOneFKToUniqueKeyDependentFK1, d.OneToOneFKToUniqueKeyDependentFK2 });
            });

            modelBuilder.Entity<OneToOneFKToUniqueKeyPrincipal>(entity =>
            {
                entity.HasKey(e => new { e.OneToOneFKToUniqueKeyPrincipalID1, e.OneToOneFKToUniqueKeyPrincipalID2 });

                entity.HasIndex(e => new { e.OneToOneFKToUniqueKeyPrincipalUniqueKey1, e.OneToOneFKToUniqueKeyPrincipalUniqueKey2 }).HasName("UK_OneToOneFKToUniqueKeyPrincipal").IsUnique();
            });

            modelBuilder.Entity<OneToOnePrincipal>(entity =>
            {
                entity.HasKey(e => new { e.OneToOnePrincipalID1, e.OneToOnePrincipalID2 });
            });

            modelBuilder.Entity<OneToOneSeparateFKDependent>(entity =>
            {
                entity.HasKey(e => new { e.OneToOneSeparateFKDependentID1, e.OneToOneSeparateFKDependentID2 });

                entity.HasIndex(e => new { e.OneToOneSeparateFKDependentFK1, e.OneToOneSeparateFKDependentFK2 }).HasName("UK_OneToOneSeparateFKDependent").IsUnique();
            });

            modelBuilder.Entity<OneToOneSeparateFKPrincipal>(entity =>
            {
                entity.HasKey(e => new { e.OneToOneSeparateFKPrincipalID1, e.OneToOneSeparateFKPrincipalID2 });
            });

            modelBuilder.Entity<PropertyConfiguration>(entity =>
            {
                entity.HasIndex(e => new { e.A, e.B }).HasName("Test_PropertyConfiguration_Index");

                entity.Property(e => e.RowversionColumn)
                    .HasColumnType("timestamp")
                    .ValueGeneratedOnAddOrUpdate();

                entity.Property(e => e.SumOfAAndB).ValueGeneratedOnAddOrUpdate();

                entity.Property(e => e.WithDateDefaultExpression).HasDefaultValueSql("getdate()");

                entity.Property(e => e.WithDateFixedDefault).HasDefaultValueSql("'October 20, 2015 11am'");

                entity.Property(e => e.WithDefaultValue).HasDefaultValue(-1);

                entity.Property(e => e.WithGuidDefaultExpression).HasDefaultValueSql("newsequentialid()");

                entity.Property(e => e.WithMoneyDefaultValue)
                    .HasColumnType("money")
                    .HasDefaultValue(0.00m);

                entity.Property(e => e.WithVarcharNullDefaultValue).HasColumnType("varchar");
            });

            modelBuilder.Entity<ReferredToByTableWithUnmappablePrimaryKeyColumn>(entity =>
            {
                entity.Property(e => e.ReferredToByTableWithUnmappablePrimaryKeyColumnID).ValueGeneratedNever();

                entity.Property(e => e.ValueGeneratedOnAddColumn).ValueGeneratedOnAdd();
            });

            modelBuilder.Entity<SelfReferencing>(entity =>
            {
                entity.Property(e => e.SelfReferencingID).ValueGeneratedNever();
            });

            modelBuilder.Entity<Test_Spaces_Keywords_Table>(entity =>
            {
                entity.Property(e => e.Test_Spaces_Keywords_TableID).ValueGeneratedNever();
            });
        }

        public virtual DbSet<AllDataTypes> AllDataTypes { get; set; }
        public virtual DbSet<OneToManyDependent> OneToManyDependent { get; set; }
        public virtual DbSet<OneToManyPrincipal> OneToManyPrincipal { get; set; }
        public virtual DbSet<OneToOneDependent> OneToOneDependent { get; set; }
        public virtual DbSet<OneToOneFKToUniqueKeyDependent> OneToOneFKToUniqueKeyDependent { get; set; }
        public virtual DbSet<OneToOneFKToUniqueKeyPrincipal> OneToOneFKToUniqueKeyPrincipal { get; set; }
        public virtual DbSet<OneToOnePrincipal> OneToOnePrincipal { get; set; }
        public virtual DbSet<OneToOneSeparateFKDependent> OneToOneSeparateFKDependent { get; set; }
        public virtual DbSet<OneToOneSeparateFKPrincipal> OneToOneSeparateFKPrincipal { get; set; }
        public virtual DbSet<PropertyConfiguration> PropertyConfiguration { get; set; }
        public virtual DbSet<ReferredToByTableWithUnmappablePrimaryKeyColumn> ReferredToByTableWithUnmappablePrimaryKeyColumn { get; set; }
        public virtual DbSet<SelfReferencing> SelfReferencing { get; set; }
        public virtual DbSet<Test_Spaces_Keywords_Table> Test_Spaces_Keywords_Table { get; set; }

        // Unable to generate entity type for table 'dbo.TableWithUnmappablePrimaryKeyColumn'. Please see the warning messages.
    }
}