using System;
using System.Collections.Generic;
using System.ComponentModel.DataAnnotations;
using System.ComponentModel.DataAnnotations.Schema;

namespace E2ETest.Namespace
{
    public partial class OneToOnePrincipal
    {
        [Column("OneToOnePrincipalID1")]
        public int OneToOnePrincipalId1 { get; set; }
        [Column("OneToOnePrincipalID2")]
        public int OneToOnePrincipalId2 { get; set; }
        [Required]
        [MaxLength(20)]
        public string SomeOneToOnePrincipalColumn { get; set; }

        [InverseProperty("OneToOneDependentNavigation")]
        public virtual OneToOneDependent OneToOneDependent { get; set; }
    }
}
