using System;
using System.Collections.Generic;
using System.ComponentModel.DataAnnotations;
using System.ComponentModel.DataAnnotations.Schema;

namespace E2ETest.Namespace
{
    public partial class OneToManyPrincipal
    {
        public OneToManyPrincipal()
        {
            OneToManyDependent = new HashSet<OneToManyDependent>();
        }

        [Column("OneToManyPrincipalID1")]
        public int OneToManyPrincipalId1 { get; set; }
        [Column("OneToManyPrincipalID2")]
        public int OneToManyPrincipalId2 { get; set; }
        [Required]
        [MaxLength(20)]
        public string Other { get; set; }

        [InverseProperty("OneToManyDependentFk")]
        public virtual ICollection<OneToManyDependent> OneToManyDependent { get; set; }
    }
}
