using System;
using System.Collections.Generic;
using System.ComponentModel.DataAnnotations;
using System.ComponentModel.DataAnnotations.Schema;

namespace E2ETest.Namespace
{
    [Table("OneToOneSeparateFKPrincipal")]
    public partial class OneToOneSeparateFkprincipal
    {
        [Column("OneToOneSeparateFKPrincipalID1")]
        public int OneToOneSeparateFkprincipalId1 { get; set; }
        [Column("OneToOneSeparateFKPrincipalID2")]
        public int OneToOneSeparateFkprincipalId2 { get; set; }
        [Required]
        [Column("SomeOneToOneSeparateFKPrincipalColumn")]
        [MaxLength(20)]
        public string SomeOneToOneSeparateFkprincipalColumn { get; set; }

        [InverseProperty("OneToOneSeparateFkdependentFk")]
        public virtual OneToOneSeparateFkdependent OneToOneSeparateFkdependent { get; set; }
    }
}
