using System;
using System.Collections.Generic;
using System.ComponentModel.DataAnnotations;
using System.ComponentModel.DataAnnotations.Schema;

namespace E2ETest.Namespace
{
    [Table("OneToOneSeparateFKDependent")]
    public partial class OneToOneSeparateFkdependent
    {
        [Column("OneToOneSeparateFKDependentID1")]
        public int OneToOneSeparateFkdependentId1 { get; set; }
        [Column("OneToOneSeparateFKDependentID2")]
        public int OneToOneSeparateFkdependentId2 { get; set; }
        [Required]
        [MaxLength(20)]
        public string SomeDependentEndColumn { get; set; }
        [Required]
        [Column("OneToOneSeparateFKDependentFK1")]
        public int? OneToOneSeparateFkdependentFk1 { get; set; }
        [Required]
        [Column("OneToOneSeparateFKDependentFK2")]
        public int? OneToOneSeparateFkdependentFk2 { get; set; }

        [ForeignKey("OneToOneSeparateFkdependentFk1,OneToOneSeparateFkdependentFk2")]
        [InverseProperty("OneToOneSeparateFkdependent")]
        public virtual OneToOneSeparateFkprincipal OneToOneSeparateFkdependentFk { get; set; }
    }
}
