using System;
using System.Collections.Generic;
using System.ComponentModel.DataAnnotations;
using System.ComponentModel.DataAnnotations.Schema;

namespace E2ETest.Namespace
{
    public partial class SelfReferencing
    {
        [Column("SelfReferencingID")]
        public int SelfReferencingId { get; set; }
        [Required]
        [MaxLength(20)]
        public string Name { get; set; }
        [Required]
        [MaxLength(100)]
        public string Description { get; set; }
        [Column("SelfReferenceFK")]
        public int? SelfReferenceFk { get; set; }

        [ForeignKey("SelfReferenceFk")]
        [InverseProperty("InverseSelfReferenceFkNavigation")]
        public virtual SelfReferencing SelfReferenceFkNavigation { get; set; }
        [InverseProperty("SelfReferenceFkNavigation")]
        public virtual ICollection<SelfReferencing> InverseSelfReferenceFkNavigation { get; set; }
    }
}
