using System;
using System.Collections.Generic;
using System.ComponentModel.DataAnnotations;
using System.ComponentModel.DataAnnotations.Schema;

namespace E2ETest.Namespace
{
    [Table("Test Spaces Keywords Table")]
    public partial class TestSpacesKeywordsTable
    {
        [Column("Test Spaces Keywords TableID")]
        public int TestSpacesKeywordsTableId { get; set; }
        [Column("abstract")]
        public int Abstract { get; set; }
        [Column("class")]
        public int? Class { get; set; }
        [Column("volatile")]
        public int Volatile { get; set; }
        [Column("Spaces In Column")]
        public int? SpacesInColumn { get; set; }
        [Column("Tabs\tIn\tColumn")]
        public int TabsInColumn { get; set; }
        [Column("@AtSymbolAtStartOfColumn")]
        public int? AtSymbolAtStartOfColumn { get; set; }
        [Column("@Multiple@At@Symbols@In@Column")]
        public int MultipleAtSymbolsInColumn { get; set; }
        [Column("Commas,In,Column")]
        public int? CommasInColumn { get; set; }
        [Column("$Dollar$Sign$Column")]
        public int DollarSignColumn { get; set; }
        [Column("!Exclamation!Mark!Column")]
        public int? ExclamationMarkColumn { get; set; }
        [Column("\"Double\"Quotes\"Column")]
        public int? DoubleQuotesColumn { get; set; }
        [Column("\\Backslashes\\In\\Column")]
        public int? BackslashesInColumn { get; set; }
    }
}
