using System;
using System.Collections.Generic;
using Microsoft.Data.Entity;
using Microsoft.Data.Entity.Metadata;

namespace E2ETest.Namespace
{
    public class AllDataTypes
    {
        public int AllDataTypesID { get; set; }
        public long bigintColumn { get; set; }
        public byte[] binaryColumn { get; set; }
        public bool bitColumn { get; set; }
        public string charColumn { get; set; }
        public DateTime dateColumn { get; set; }
        public DateTime? datetime2Column { get; set; }
        public DateTime? datetimeColumn { get; set; }
        public DateTimeOffset? datetimeoffsetColumn { get; set; }
        public decimal decimalColumn { get; set; }
        public float floatColumn { get; set; }
        public byte[] imageColumn { get; set; }
        public int intColumn { get; set; }
        public decimal moneyColumn { get; set; }
        public string ncharColumn { get; set; }
        public string ntextColumn { get; set; }
        public decimal numericColumn { get; set; }
        public string nvarcharColumn { get; set; }
        public double? realColumn { get; set; }
        public DateTime? smalldatetimeColumn { get; set; }
        public short smallintColumn { get; set; }
        public decimal smallmoneyColumn { get; set; }
        public string textColumn { get; set; }
        public DateTime? timeColumn { get; set; }
        public byte[] timestampColumn { get; set; }
        public byte tinyintColumn { get; set; }
        public Guid? uniqueidentifierColumn { get; set; }
        public byte[] varbinaryColumn { get; set; }
        public string varcharColumn { get; set; }
    }
}
