// Attempt to generate EntityType TableWithUnmappablePrimaryKeyColumn failed. Unable to identify any primary key columns in the underlying SQL Server table dbo.TableWithUnmappablePrimaryKeyColumn.
